http://malwareurls.joxeankoret.com/domains.txt
https://adaway.org/hosts.txt
https://adblock.mahakala.is/hosts
https://bitbucket.org/ethanr/dns-blacklists/raw/8575c9f96e5b4a1308f2f12394abd86d0927a4a0/bad_lists/Mandiant_APT1_Report_Appendix_D.txt
https://easylist-downloads.adblockplus.org/latvianlist+easylist.txt
https://easylist-downloads.adblockplus.org/liste_ar+liste_fr+easylist.txt
https://easylist-downloads.adblockplus.org/liste_fr+easylist.txt
https://easylist-downloads.adblockplus.org/liste_fr.txt
https://github.com/mayve/private-adblock-filters/raw/master/Adblock_List.txt
https://hosts-file.net/pup.txt
https://hosts-file.net/wrz.txt
https://mirror1.malwaredomains.com/files/justdomains
https://mirror.cedia.org.ec/malwaredomains/immortal_domains.txt
https://pgl.yoyo.org/adservers/serverlist.php?hostformat=nohtml&showintro=0&mimetype=plaintext
https://raw.github.com/notracking/hosts-blocklists/master/hostnames.txt
https://raw.githubusercontent.com/AdAway/adaway.github.io/master/hosts.txt
https://raw.githubusercontent.com/azet12/KADhosts/master/KADhosts.txt
https://raw.githubusercontent.com/farrokhi/adblock-iran/master/filter.txt
https://raw.githubusercontent.com/genediazjr/nopelist/master/nopelist.txt
https://raw.githubusercontent.com/liamja/Prebake/master/obtrusive.txt
https://raw.githubusercontent.com/metaphoricgiraffe/tracking-filters/master/trackingfilters.txt
https://raw.githubusercontent.com/michaeltrimm/hosts-blocking/master/_hosts.txt
https://raw.githubusercontent.com/mitchellkrogza/Badd-Boyz-Hosts/master/hosts
https://raw.githubusercontent.com/piperun/iploggerfilter/master/filterlist
https://raw.githubusercontent.com/piwik/referrer-spam-blacklist/master/spammers.txt
https://raw.githubusercontent.com/quidsup/notrack/master/trackers.txt
https://raw.githubusercontent.com/Rpsl/adblock-leadgenerator-list/master/list/list.txt
https://raw.githubusercontent.com/szpeter80/hufilter/master/hufilter.txt
https://v.firebog.net/hosts/Kowabit.txt
https://v.firebog.net/hosts/Prigent-Ads.txt
https://v.firebog.net/hosts/Prigent-Malware.txt
https://v.firebog.net/hosts/Prigent-Phishing.txt
https://www.malwaredomainlist.com/hostslist/hosts.txt
http://winhelp2002.mvps.org/hosts.txt
http://www.jabcreations.com/downloads/adblock-filters.php
http://www.joewein.net/dl/bl/dom-bl-base.txt
http://www.malwaredomainlist.com/hostslist/hosts.txt
http://www.niecko.pl/adblock/adblock.txt
