http://tofukko.r.ribbon.to/Adblock_Plus_list.txt
http://www.sa-blacklist.stearns.org/sa-blacklist/sa-blacklist.current.domains
https://adblock.dk/block.csv
https://ransomwaretracker.abuse.ch/downloads/TC_C2_DOMBL.txt
https://ransomwaretracker.abuse.ch/downloads/TC_PS_DOMBL.txt
https://ransomwaretracker.abuse.ch/downloads/TL_C2_DOMBL.txt
https://ransomwaretracker.abuse.ch/downloads/TL_PS_DOMBL.txt
https://raw.githubusercontent.com/Dawsey21/Lists/master/adblock-list.txt
https://raw.githubusercontent.com/Dawsey21/Lists/master/main-blacklist.txt
https://raw.githubusercontent.com/StevenBlack/hosts/master/alternates/fakenews/hosts
https://raw.githubusercontent.com/StevenBlack/hosts/master/alternates/gambling/hosts
https://raw.githubusercontent.com/StevenBlack/hosts/master/alternates/porn/hosts
https://raw.githubusercontent.com/StevenBlack/hosts/master/data/StevenBlack/hosts
https://raw.githubusercontent.com/StevenBlack/hosts/master/data/UncheckyAds/hosts
https://raw.githubusercontent.com/StevenBlack/hosts/master/data/add.2o7Net/hosts
https://raw.githubusercontent.com/StevenBlack/hosts/master/data/add.Risk/hosts
https://raw.githubusercontent.com/StevenBlack/hosts/master/data/tyzbit/hosts
https://raw.githubusercontent.com/StevenBlack/hosts/master/hosts
https://raw.githubusercontent.com/TakoYachty/Gift-Card-Killer/master/giftcardkiller.txt
https://raw.githubusercontent.com/Yhonay/antipopads/master/popads.txt
https://raw.githubusercontent.com/bkrcrc/turk-adlist/master/hosts
https://raw.githubusercontent.com/crazy-max/WindowsSpyBlocker/master/data/hosts/win7/spy.txt
https://raw.githubusercontent.com/crazy-max/WindowsSpyBlocker/master/data/hosts/win81/spy.txt
https://raw.githubusercontent.com/deathbybandaid/Universite-Toulouse-Hosts/master/downloaded/adult.txt
https://raw.githubusercontent.com/thoughtconverge/abf/master/abf.txt
https://raw.githubusercontent.com/tyzbit/hosts/master/data/tyzbit/hosts
https://raw.githubusercontent.com/uBlock-user/uBO-Personal-Filters/master/uPF.txt
https://raw.githubusercontent.com/uBlockOrigin/uAssets/master/filters/filters.txt
https://raw.githubusercontent.com/uBlockOrigin/uAssets/master/filters/privacy.txt
https://raw.githubusercontent.com/wiltteri/subscriptions/master/wiltteri.txt
https://raw.githubusercontent.com/yous/YousList/master/youslist.txt
https://satterly.neocities.org/abp_filters.txt
https://v.firebog.net/hosts/Shalla-mal.txt
https://v.firebog.net/hosts/static/SamsungSmart.txt
https://zeustracker.abuse.ch/blocklist.php?download=baddomains
https://zeustracker.abuse.ch/blocklist.php?download=domainblocklist
